/api/user                                                                        rows=13    stmts=3     (3/3/3) sqlMs=0.13 ms=24.7 slowest=0.058ms
/api/reservations                                                                rows=2076  stmts=7     (7/7/7) sqlMs=8.21 ms=225.8 slowest=5.487ms
/api/reservations?search=A                                                       rows=10    stmts=9     (21/9/9) sqlMs=3.87 ms=69.1 slowest=2.276ms
/api/reservations?search=AU                                                      rows=10    stmts=9     (9/9/9) sqlMs=2.7 ms=38 slowest=1.485ms
/api/reservations/range?startDate=2026-09-07&endDate=2026-09-13                  rows=235   stmts=472   (472/472/472) sqlMs=17.98 ms=703.5 slowest=3.326ms
/api/reservations/range?startDate=2026-08-31&endDate=2026-10-04                  rows=462   stmts=924   (924/924/924) sqlMs=31.52 ms=1249.6 slowest=3.27ms
/api/reservations/range?startDate=2026-01-01&endDate=2026-12-31                  rows=1894  stmts=3774  (3777/3774/3776) sqlMs=118.71 ms=4913.6 slowest=5.061ms
/api/reservations/upcoming                                                       rows=5     stmts=5     (5/5/5) sqlMs=0.37 ms=28.2 slowest=0.198ms
/api/reservations/overdue                                                        rows=358   stmts=5     (5/5/5) sqlMs=4.8 ms=68 slowest=4.597ms
/api/reservations/3535                                                           rows=59    stmts=7     (7/7/7) sqlMs=0.32 ms=24.8 slowest=0.111ms
/api/reservations/check-conflicts?vehicleId=1870&startDate=2026-09-10&endDate=2026-09-12 rows=1     stmts=7     (7/7/7) sqlMs=0.4 ms=29.1 slowest=0.1ms
/api/placeholder-reservations/needing-assignment?daysAhead=30                    rows=8     stmts=5     (5/5/5) sqlMs=0.4 ms=15.2 slowest=0.134ms
/api/vehicles                                                                    rows=665   stmts=10    (77/10/10) sqlMs=5.37 ms=80.5 slowest=2.303ms
/api/vehicles?search=A                                                           rows=10    stmts=10    (10/10/10) sqlMs=3.23 ms=47.1 slowest=1.608ms
/api/vehicles/available                                                          rows=310   stmts=6     (6/6/6) sqlMs=2.51 ms=51.5 slowest=1.439ms
/api/vehicles/available?startDate=2026-09-15&endDate=2026-09-20                  rows=591   stmts=6     (6/6/18) sqlMs=3.29 ms=57.4 slowest=2.079ms
/api/vehicles/apk-expiring                                                       rows=96    stmts=7     (7/7/7) sqlMs=2.68 ms=48.8 slowest=1.319ms
/api/vehicles/service-due                                                        rows=1     stmts=6     (6/6/6) sqlMs=3.1 ms=52.4 slowest=2.711ms
/api/vehicles/status/breakdown                                                   rows=5     stmts=10    (10/10/10) sqlMs=5.3 ms=42 slowest=2.542ms
/api/customers                                                                   rows=348   stmts=5     (5/5/5) sqlMs=2.7 ms=41.2 slowest=2.506ms
/api/customers?search=A                                                          rows=10    stmts=5     (5/5/5) sqlMs=0.21 ms=21.5 slowest=0.067ms
/api/customers/with-reservations                                                 rows=348   stmts=8     (8/8/8) sqlMs=9.73 ms=250.7 slowest=5.793ms
/api/documents                                                                   rows=283   stmts=5     (5/5/5) sqlMs=8.45 ms=39.1 slowest=8.227ms
/api/transports                                                                  rows=36    stmts=8     (8/8/8) sqlMs=5.11 ms=93.3 slowest=4.167ms
/api/expenses                                                                    rows=1999  stmts=6     (6/6/6) sqlMs=7.65 ms=112.2 slowest=6.052ms
/api/fines                                                                       rows=11    stmts=5     (5/5/5) sqlMs=7.42 ms=31.6 slowest=7.211ms
/api/custom-notifications                                                        rows=129   stmts=5     (5/5/5) sqlMs=2.98 ms=26 slowest=2.789ms
/api/interactive-damage-checks                                                   rows=14    stmts=5     (5/5/5) sqlMs=45.06 ms=321.2 slowest=44.726ms
/api/reports/maintenance-costs                                                   rows=1     stmts=7     (7/7/7) sqlMs=5.93 ms=88.2 slowest=2.338ms
/api/reports/vehicle-financials?from=2026-01-01&to=2026-09-10                    rows=3     stmts=10    (10/10/10) sqlMs=73.61 ms=122.8 slowest=53.358ms
/api/reports/mileage-per-month?from=2026-01-01&to=2026-09-10                     rows=4     stmts=9     (9/9/9) sqlMs=126.89 ms=138.7 slowest=104.286ms
/api/portal-admin/unread-count                                                   rows=2     stmts=6     (6/6/6) sqlMs=0.44 ms=28 slowest=0.193ms
/api/portal-admin/dashboard                                                      rows=4     stmts=15    (15/15/15) sqlMs=14.4 ms=211.6 slowest=6.121ms
/api/portal-admin/customers-overview                                             rows=4     stmts=5     (5/5/5) sqlMs=0.52 ms=24 slowest=0.333ms
/api/portal-requests                                                             rows=31    stmts=7     (7/7/7) sqlMs=0.95 ms=35.4 slowest=0.484ms
/api/audit-logs                                                                  rows=2     stmts=6     (6/6/20) sqlMs=2 ms=26.7 slowest=1.104ms
/api/vehicles/with-reservations                                                  rows=90    stmts=99    (99/161/391) sqlMs=226.24 ms=302.9 slowest=83.6ms
/api/vehicles/filtered?filterType=maintenance                                    rows=70    stmts=480   (864/793/480) sqlMs=50.14 ms=63.4 slowest=23.833ms
/api/portal/reservations                                                         rows=23    stmts=6     (152/9/6) sqlMs=1.48 ms=26.7 slowest=1.226ms
/api/portal/documents                                                            rows=7     stmts=8     (8/8/8) sqlMs=1.45 ms=36.4 slowest=1.141ms
/api/portal/vehicles/mine                                                        rows=10    stmts=13    (13/13/13) sqlMs=5.3 ms=50.5 slowest=2.641ms
/api/portal/vehicles                                                             rows=1     stmts=6     (6/6/6) sqlMs=0.55 ms=27 slowest=0.256ms
/api/portal/fines                                                                rows=4     stmts=6     (6/6/6) sqlMs=0.29 ms=25.6 slowest=0.074ms
/api/portal/requests                                                             rows=30    stmts=8     (8/8/8) sqlMs=0.65 ms=26 slowest=0.339ms
/api/portal/notifications                                                        rows=43    stmts=6     (6/6/6) sqlMs=0.42 ms=29.1 slowest=0.187ms
/api/portal/notifications/unread-count                                           rows=1     stmts=6     (6/6/6) sqlMs=0.81 ms=36.5 slowest=0.451ms
/health                                                                          rows=6     stmts=3     (13/3/3) sqlMs=0.6 ms=20.8 slowest=0.39ms
/api                                                                             rows=4     stmts=2     (2/2/2) sqlMs=0.1 ms=18.2 slowest=0.064ms
written p19-sqlcount.out.json
