/health                                                                          200  rows=6     bytes=310       p50=14 p95=20.5 burst p95=192.3 wall=194.1
/api                                                                             200  rows=4     bytes=102       p50=14.9 p95=20.6 burst p95=61.3 wall=62.1
/api/user                                                                        200  rows=13    bytes=470       p50=15.2 p95=23.7 burst p95=39.8 wall=40.8
/api/reservations                                                                200  rows=2075  bytes=8029598   p50=208.5 p95=254.1 burst p95=2194 wall=2200.7
/api/reservations?search=A                                                       200  rows=10    bytes=42057     p50=44 p95=70.5 burst p95=278.2 wall=279.4
/api/reservations?search=AU                                                      200  rows=10    bytes=42012     p50=30.8 p95=38.8 burst p95=167.4 wall=168.5
/api/reservations?search=ZZZZNOMATCH                                             200  rows=0     bytes=2         p50=30.1 p95=468.8 burst p95=71.1 wall=72.1
/api/reservations/range?startDate=2026-08-31&endDate=2026-10-04                  200  rows=461   bytes=1651568   p50=1275.4 p95=3691.9 burst p95=6892.6 wall=6896
/api/reservations/range?startDate=2026-01-01&endDate=2026-12-31                  200  rows=1894  bytes=7380903   p50=4906.7 p95=6851.4 burst p95=32367.6 wall=32375.8
/api/reservations/upcoming                                                       200  rows=5     bytes=21529     p50=15.8 p95=43.1 burst p95=65.1 wall=66.3
/api/reservations/upcoming-maintenance                                           200  rows=159   bytes=257469    p50=35.4 p95=305.9 burst p95=195.4 wall=197.1
/api/reservations/overdue                                                        200  rows=358   bytes=1501628   p50=62.9 p95=77.5 burst p95=473.4 wall=474.7
/api/reservations/3535                                                           200  rows=59    bytes=4213      p50=15.1 p95=30 burst p95=59.3 wall=60
/api/reservations/vehicle/1870                                                   200  rows=1     bytes=4215      p50=14.5 p95=30.1 burst p95=47.4 wall=48.9
/api/reservations/check-conflicts?vehicleId=1870&startDate=2026-09-10&endDate=2026-09-12 200  rows=1     bytes=4215      p50=14.9 p95=25.1 burst p95=46.7 wall=47.3
/api/placeholder-reservations/needing-assignment?daysAhead=30                    200  rows=8     bytes=8951      p50=12.6 p95=23.9 burst p95=55.1 wall=55.7
/api/vehicles                                                                    200  rows=665   bytes=1157506   p50=56.6 p95=77.5 burst p95=453.8 wall=455.9
/api/vehicles?search=A                                                           200  rows=10    bytes=17483     p50=31.8 p95=42.5 burst p95=227.5 wall=228.5
/api/vehicles?search=AU-13                                                       200  rows=10    bytes=17436     p50=28.1 p95=38.7 burst p95=119.7 wall=120.5
/api/vehicles?search=ZZZZNOMATCH                                                 200  rows=0     bytes=2         p50=30.9 p95=43.7 burst p95=121.9 wall=122.9
/api/vehicles/available                                                          200  rows=310   bytes=539383    p50=32.1 p95=41.2 burst p95=261.9 wall=263.2
/api/vehicles/available?startDate=2026-09-15&endDate=2026-09-20                  200  rows=591   bytes=1028046   p50=52.6 p95=82.8 burst p95=414.4 wall=417
/api/vehicles/apk-expiring                                                       200  rows=96    bytes=167060    p50=28.5 p95=31.9 burst p95=109.5 wall=112.4
/api/vehicles/warranty-expiring                                                  200  rows=1     bytes=1797      p50=18.2 p95=52.2 burst p95=60.9 wall=62
/api/vehicles/service-due                                                        200  rows=1     bytes=2031      p50=29.2 p95=35.5 burst p95=191.8 wall=193
/api/vehicles/status/breakdown                                                   200  rows=5     bytes=78        p50=46.2 p95=53.7 burst p95=228.3 wall=229.2
/api/vehicles/with-reservations                                                  200  rows=90    bytes=381532    p50=30.6 p95=39.3 burst p95=190.9 wall=192
/api/vehicles/filtered?filterType=apk                                            200  rows=17    bytes=73050     p50=31.5 p95=42.6 burst p95=126.1 wall=126.7
/api/vehicles/1870                                                               200  rows=78    bytes=1721      p50=15.4 p95=100.7 burst p95=43.7 wall=44.5
/api/customers                                                                   200  rows=348   bytes=406358    p50=24.2 p95=32.3 burst p95=182.9 wall=183.9
/api/customers?search=A                                                          200  rows=10    bytes=11379     p50=15.3 p95=25.2 burst p95=39.5 wall=40.1
/api/customers?search=AUDIT                                                      200  rows=10    bytes=11726     p50=15.4 p95=26 burst p95=39.3 wall=39.8
/api/customers?search=ZZZZNOMATCH                                                200  rows=0     bytes=2         p50=16.5 p95=23.8 burst p95=59 wall=60.2
/api/customers/with-reservations                                                 200  rows=348   bytes=416405    p50=83 p95=118.9 burst p95=719.3 wall=720
/api/customers/1282                                                              200  rows=51    bytes=1129      p50=14.9 p95=26.8 burst p95=39.4 wall=39.9
/api/drivers                                                                     200  rows=null  bytes=1240      p50=21.5 p95=33.2 burst p95=97.5 wall=98.1
/api/documents                                                                   200  rows=283   bytes=125703    p50=15.3 p95=32.9 burst p95=77.7 wall=78.4
/api/documents/reservation/3535                                                  200  rows=0     bytes=2         p50=16 p95=19.9 burst p95=37.9 wall=38.4
/api/custom-notifications                                                        200  rows=129   bytes=45772     p50=14.6 p95=27.2 burst p95=65.4 wall=66
/api/custom-notifications/unread                                                 200  rows=89    bytes=31206     p50=15.1 p95=28.9 burst p95=45.6 wall=46.9
/api/transports                                                                  200  rows=36    bytes=180988    p50=17.5 p95=30.8 burst p95=103.9 wall=104.5
/api/fines                                                                       200  rows=11    bytes=7467      p50=14.5 p95=29.6 burst p95=36.5 wall=37
/api/fines/count?customerId=1282                                                 200  rows=1     bytes=11        p50=13.9 p95=23.3 burst p95=34.2 wall=34.7
/api/expenses                                                                    200  rows=1999  bytes=4252990   p50=96.6 p95=111.2 burst p95=941.7 wall=945.1
/api/expenses/recent?limit=10                                                    200  rows=10    bytes=19885     p50=15.1 p95=28 burst p95=45.4 wall=46.3
/api/interactive-damage-checks                                                   200  rows=14    bytes=17043541  p50=265.7 p95=298.6 burst p95=2538.6 wall=2550
/api/reports/maintenance-costs                                                   500  rows=1     bytes=54        p50=100.5 p95=125.7 burst p95=636.8 wall=637.5
/api/reports/vehicle-financials?from=2026-01-01&to=2026-09-10                    200  rows=3     bytes=153863    p50=128.1 p95=235.5 burst p95=1354.2 wall=1354.7
/api/reports/mileage-per-month?from=2026-01-01&to=2026-09-10                     200  rows=4     bytes=113443    p50=134.8 p95=172.1 burst p95=1341.6 wall=1342.3
/api/reports/saved                                                               200  rows=0     bytes=2         p50=14.5 p95=26 burst p95=33.5 wall=34.3
/api/portal-admin/unread-count                                                   200  rows=2     bytes=28        p50=14.7 p95=27.5 burst p95=68.5 wall=69.1
/api/portal-admin/dashboard                                                      200  rows=4     bytes=19646     p50=28.3 p95=34.4 burst p95=89.3 wall=90.3
/api/portal-admin/customers-overview                                             200  rows=4     bytes=1199      p50=13.8 p95=26.2 burst p95=37.6 wall=37.9
/api/portal-admin/vehicles-online                                                200  rows=665   bytes=160112    p50=28.2 p95=36.8 burst p95=195.7 wall=196.1
/api/portal-requests                                                             200  rows=31    bytes=17377     p50=14 p95=26.2 burst p95=51.8 wall=52.2
/api/app-settings/key/calendar_settings                                          200  rows=null  bytes=0         p50=15.7 p95=21.8 burst p95=33.4 wall=33.8
/api/system-settings                                                             200  rows=21    bytes=553       p50=15.5 p95=21.5 burst p95=24 wall=24.6
/api/audit-logs                                                                  200  rows=2     bytes=20713     p50=14.9 p95=30 burst p95=55.2 wall=56
/api/pdf-templates                                                               200  rows=10    bytes=10288     p50=14.8 p95=23 burst p95=48.3 wall=48.6
/api/damage-check-templates                                                      200  rows=3     bytes=28577     p50=15.5 p95=23.1 burst p95=40.6 wall=41.3
/api/portal/reservations                                                         200  rows=23    bytes=9012      p50=17 p95=35.2 burst p95=68.7 wall=69.1
/api/portal/documents                                                            200  rows=7     bytes=1395      p50=15.9 p95=33.9 burst p95=65.7 wall=66.2
/api/portal/notifications                                                        200  rows=43    bytes=11447     p50=14.6 p95=19.4 burst p95=43.3 wall=43.8
/api/portal/notifications/unread-count                                           200  rows=1     bytes=12        p50=16.3 p95=22.3 burst p95=29.9 wall=30.4
/api/portal/fines                                                                200  rows=4     bytes=1372      p50=14.4 p95=26.1 burst p95=27.4 wall=27.8
/api/portal/requests                                                             200  rows=30    bytes=15569     p50=14.8 p95=27 burst p95=49.2 wall=49.6
/api/portal/vehicles/mine                                                        200  rows=10    bytes=3864      p50=35 p95=56 burst p95=236.4 wall=237
/api/portal/vehicles                                                             200  rows=1     bytes=169       p50=13.9 p95=25.5 burst p95=43.4 wall=43.7
/api/portal/drivers                                                              200  rows=2     bytes=497       p50=15.7 p95=23.3 burst p95=59 wall=59.6
written p19-timing.out.json
